<html>
<body>
<pre>
<h1>µVision Build Log</h1>
<h2>Tool Versions:</h2>
IDE-Version: ¦ÌVision V5.24.2.0
Copyright (C) 2017 ARM Ltd and ARM Germany GmbH. All rights reserved.
License Information: bo zhu, pyxis, LIC=GMZ74-FIVIZ-YVH1Y-ISRN5-02QWQ-ZEL0W
 
Tool Versions:
Toolchain:       MDK-ARM Plus  Version: 5.24.1
Toolchain Path:  D:\Program Files (x86)\keil5\ARM\ARMCC\Bin
C Compiler:      Armcc.exe V5.06 update 5 (build 528)
Assembler:       Armasm.exe V5.06 update 5 (build 528)
Linker/Locator:  ArmLink.exe V5.06 update 5 (build 528)
Library Manager: ArmAr.exe V5.06 update 5 (build 528)
Hex Converter:   FromElf.exe V5.06 update 5 (build 528)
CPU DLL:         SARMCM3.DLL V5.24.1
Dialog DLL:      DARMSTM.DLL V1.68.0.0
Target DLL:      UL2CM3.DLL V1.160.3.0
Dialog DLL:      TARMSTM.DLL V1.66.0.0
 
<h2>Project:</h2>
C:\Users\Administrator\Desktop\SP500X-910\MDKProject\sp500x-910.uvprojx
Project File Date:  02/07/2018

<h2>Output:</h2>
*** Using Compiler 'V5.06 update 5 (build 528)', folder: 'D:\Program Files (x86)\keil5\ARM\ARMCC\Bin'
Rebuild target 'SP500X-910'
compiling stm32f10x_it.c...
compiling system_stm32f10x.c...
compiling main.c...
..\User\main.c(14): warning:  #188-D: enumerated type mixed with another type
  	eMBInit(MB_RTU, comm_settings.modbusAddr, 0x02, comm_settings.modbusBaud, comm_settings.modbusParity);
..\User\main.c: 1 warning, 0 errors
compiling app.c...
..\User\app.c(67): warning:  #177-D: function "TIM3_Init"  was declared but never referenced
  static void TIM3_Init(void)
..\User\app.c: 1 warning, 0 errors
compiling adc.c...
compiling flash.c...
assembling startup_stm32f10x_hd.s...
compiling delay.c...
compiling misc.c...
compiling stm32f10x_adc.c...
compiling stm32f10x_bkp.c...
compiling stm32f10x_can.c...
compiling stm32f10x_cec.c...
compiling stm32f10x_crc.c...
compiling stm32f10x_dac.c...
compiling stm32f10x_dbgmcu.c...
compiling stm32f10x_dma.c...
compiling stm32f10x_exti.c...
compiling stm32f10x_flash.c...
compiling stm32f10x_fsmc.c...
compiling stm32f10x_gpio.c...
compiling stm32f10x_iwdg.c...
compiling stm32f10x_i2c.c...
compiling stm32f10x_pwr.c...
compiling stm32f10x_rtc.c...
compiling stm32f10x_rcc.c...
compiling stm32f10x_sdio.c...
compiling stm32f10x_spi.c...
compiling stm32f10x_tim.c...
compiling stm32f10x_usart.c...
compiling stm32f10x_wwdg.c...
compiling core_cm3.c...
compiling mbfuncdiag.c...
compiling mbfunccoils.c...
compiling mbascii.c...
compiling mbfuncdisc.c...
compiling mbfuncinput.c...
compiling mbfuncholding.c...
compiling mbcrc.c...
compiling mbfuncother.c...
compiling mbutils.c...
compiling mbrtu.c...
..\FreeModbus\modbus\rtu\mbrtu.c(163): warning:  #550-D: variable "xFrameReceived"  was set but never used
      BOOL            xFrameReceived = FALSE;
..\FreeModbus\modbus\rtu\mbrtu.c: 1 warning, 0 errors
compiling mbtcp.c...
compiling mb.c...
compiling embreg.c...
compiling portevent.c...
compiling portserial.c...
compiling porttimer.c...
linking...
Program Size: Code=23054 RO-data=1018 RW-data=336 ZI-data=2160  
".\weigher.axf" - 0 Error(s), 3 Warning(s).

<h2>Software Packages used:</h2>

Package Vendor: ARM
                http://www.keil.com/pack/ARM.CMSIS.5.2.0.pack
                ARM.CMSIS.5.2.0
                CMSIS (Cortex Microcontroller Software Interface Standard)
   * Component: CORE Version: 5.0.2

Package Vendor: Keil
                http://www.keil.com/pack/Keil.STM32F1xx_DFP.2.2.0.pack
                Keil.STM32F1xx_DFP.2.2.0
                STMicroelectronics STM32F1 Series Device Support, Drivers and Examples

<h2>Collection of Component include folders:</h2>
  .\RTE\_SP500X-910
  D:\Program Files (x86)\keil5\ARM\PACK\ARM\CMSIS\5.2.0\CMSIS\Include
  D:\Program Files (x86)\keil5\ARM\PACK\Keil\STM32F1xx_DFP\2.2.0\Device\Include

<h2>Collection of Component Files used:</h2>

   * Component: ARM::CMSIS:CORE:5.0.2
Build Time Elapsed:  00:00:12
</pre>
</body>
</html>
